{
	"Z1K1": {
		"Z1K1": "Z9",
		"Z9K1": "Z22"
	},
	"Z22K1": {
		"Z1K1": {
			"Z1K1": "Z9",
			"Z9K1": "Z10"
		},
		"Z10K1": {
			"Z1K1": {
				"Z1K1": "Z9",
				"Z9K1": "Z21"
			}
		},
		"Z10K2": {
			"Z1K1": {
				"Z1K1": "Z9",
				"Z9K1": "Z10"
			},
			"Z10K1": {
				"Z1K1": {
					"Z1K1": "Z9",
					"Z9K1": "Z40"
				},
				"Z40K1": {
					"Z1K1": "Z9",
					"Z9K1": "Z41"
				}
			},
			"Z10K2": {
				"Z1K1": {
					"Z1K1": "Z9",
					"Z9K1": "Z10"
				},
				"Z10K1": {
					"Z1K1": "Z6",
					"Z6K1": "tRue"
				},
				"Z10K2": {
					"Z1K1": {
						"Z1K1": "Z9",
						"Z9K1": "Z10"
					}
				}
			}
		}
	},
	"Z22K2": {
		"Z1K1": {
			"Z1K1": "Z9",
			"Z9K1": "Z23"
		}
	}
}
