{
	"Z1K1": {
		"Z1K1": "Z9",
		"Z9K1": "Z22"
	},
	"Z22K1": {
		"Z1K1": "Z9",
		"Z9K1": "Z23"
	},
	"Z22K2": {
		"Z1K1": {
			"Z1K1": "Z9",
			"Z9K1": "Z5"
		},
		"Z5K2": {
			"Z1K1": {
				"Z1K1": {
					"Z1K1": "Z9",
					"Z9K1": "Z7"
				},
				"Z7K1": {
					"Z1K1": "Z9",
					"Z9K1": "Z881"
				},
				"Z881K1": {
					"Z1K1": "Z9",
					"Z9K1": "Z5"
				}
			}
		}
	}
}
