{
	"Z1K1": {
		"Z1K1": "Z9",
		"Z9K1": "Z22"
	},
	"Z22K1": {
		"Z1K1": {
			"Z1K1": "Z9",
			"Z9K1": "Z10000"
		},
		"Z10000K1": {
			"Z1K1": "Z6",
			"Z6K1": "cerebellum"
		}
	},
	"Z22K2": {
		"Z1K1": "Z9",
		"Z9K1": "Z24"
	}
}
